// Jest Snapshot v1, https://goo.gl/fbAQLP

exports[`WidgetAreaRenderer should resize widgets so they fill a row 1`] = `
<div
  class="googlesitekit-widget-area-widgets"
>
  <div
    class="mdc-layout-grid__inner"
  >
    <div
      class="googlesitekit-widget googlesitekit-widget--one mdc-layout-grid__cell mdc-layout-grid__cell--span-12"
    >
      <div>
        Foo bar!
      </div>
    </div>
    <div
      class="googlesitekit-widget googlesitekit-widget--two mdc-layout-grid__cell mdc-layout-grid__cell--span-4-desktop mdc-layout-grid__cell--span-4-tablet"
    >
      <div>
        Foo bar!
      </div>
    </div>
    <div
      class="googlesitekit-widget googlesitekit-widget--three mdc-layout-grid__cell mdc-layout-grid__cell--span-8-desktop mdc-layout-grid__cell--span-8-tablet"
    >
      <div>
        Foo bar!
      </div>
    </div>
  </div>
</div>
`;

exports[`WidgetAreaRenderer should resize widgets so they fill a row 2`] = `
<div
  class="googlesitekit-widget-area-widgets"
>
  <div
    class="mdc-layout-grid__inner"
  >
    <div
      class="googlesitekit-widget googlesitekit-widget--one mdc-layout-grid__cell mdc-layout-grid__cell--span-3-desktop mdc-layout-grid__cell--span-4-tablet"
    >
      <div>
        Foo bar!
      </div>
    </div>
    <div
      class="googlesitekit-widget googlesitekit-widget--two mdc-layout-grid__cell mdc-layout-grid__cell--span-12"
    >
      <div>
        Foo bar!
      </div>
    </div>
    <div
      class="googlesitekit-widget googlesitekit-widget--three mdc-layout-grid__cell mdc-layout-grid__cell--span-3-desktop mdc-layout-grid__cell--span-4-tablet"
    >
      <div>
        Foo bar!
      </div>
    </div>
    <div
      class="googlesitekit-widget googlesitekit-widget--four mdc-layout-grid__cell mdc-layout-grid__cell--span-3-desktop mdc-layout-grid__cell--span-4-tablet"
    >
      <div>
        Foo bar!
      </div>
    </div>
  </div>
</div>
`;

exports[`WidgetAreaRenderer should resize widgets so they fill a row 3`] = `
<div
  class="googlesitekit-widget-area-widgets"
>
  <div
    class="mdc-layout-grid__inner"
  >
    <div
      class="googlesitekit-widget googlesitekit-widget--one mdc-layout-grid__cell mdc-layout-grid__cell--span-4-desktop mdc-layout-grid__cell--span-4-tablet"
    >
      <div>
        Foo bar!
      </div>
    </div>
    <div
      class="googlesitekit-widget googlesitekit-widget--two mdc-layout-grid__cell mdc-layout-grid__cell--span-12"
    >
      <div>
        Foo bar!
      </div>
    </div>
    <div
      class="googlesitekit-widget googlesitekit-widget--three mdc-layout-grid__cell mdc-layout-grid__cell--span-4-desktop mdc-layout-grid__cell--span-4-tablet"
    >
      <div>
        Foo bar!
      </div>
    </div>
    <div
      class="googlesitekit-widget googlesitekit-widget--four mdc-layout-grid__cell mdc-layout-grid__cell--span-8-desktop mdc-layout-grid__cell--span-8-tablet"
    >
      <div>
        Foo bar!
      </div>
    </div>
    <div
      class="googlesitekit-widget googlesitekit-widget--five mdc-layout-grid__cell mdc-layout-grid__cell--span-8-desktop mdc-layout-grid__cell--span-8-tablet"
    >
      <div>
        Foo bar!
      </div>
    </div>
  </div>
</div>
`;

exports[`WidgetAreaRenderer should resize widgets so they fill a row 4`] = `
<div
  class="googlesitekit-widget-area-widgets"
>
  <div
    class="mdc-layout-grid__inner"
  >
    <div
      class="googlesitekit-widget googlesitekit-widget--one mdc-layout-grid__cell mdc-layout-grid__cell--span-3-desktop mdc-layout-grid__cell--span-4-tablet"
    >
      <div>
        Foo bar!
      </div>
    </div>
    <div
      class="googlesitekit-widget googlesitekit-widget--two mdc-layout-grid__cell mdc-layout-grid__cell--span-3-desktop mdc-layout-grid__cell--span-4-tablet"
    >
      <div>
        Foo bar!
      </div>
    </div>
    <div
      class="googlesitekit-widget googlesitekit-widget--three mdc-layout-grid__cell mdc-layout-grid__cell--span-6-desktop mdc-layout-grid__cell--span-8-tablet"
    >
      <div>
        Foo bar!
      </div>
    </div>
  </div>
</div>
`;

exports[`WidgetAreaRenderer should resize widgets so they fill a row 5`] = `
<div
  class="googlesitekit-widget-area-widgets"
>
  <div
    class="mdc-layout-grid__inner"
  >
    <div
      class="googlesitekit-widget googlesitekit-widget--one mdc-layout-grid__cell mdc-layout-grid__cell--span-3-desktop mdc-layout-grid__cell--span-4-tablet"
    >
      <div>
        Foo bar!
      </div>
    </div>
    <div
      class="googlesitekit-widget googlesitekit-widget--two mdc-layout-grid__cell mdc-layout-grid__cell--span-3-desktop mdc-layout-grid__cell--span-4-tablet"
    >
      <div>
        Foo bar!
      </div>
    </div>
    <div
      class="googlesitekit-widget googlesitekit-widget--three mdc-layout-grid__cell mdc-layout-grid__cell--span-4-desktop mdc-layout-grid__cell--span-4-tablet"
    >
      <div>
        Foo bar!
      </div>
    </div>
    <div
      class="googlesitekit-widget googlesitekit-widget--four mdc-layout-grid__cell mdc-layout-grid__cell--span-8-desktop mdc-layout-grid__cell--span-8-tablet"
    >
      <div>
        Foo bar!
      </div>
    </div>
  </div>
</div>
`;

exports[`WidgetAreaRenderer should resize widgets so they fill a row 6`] = `
<div
  class="googlesitekit-widget-area-widgets"
>
  <div
    class="mdc-layout-grid__inner"
  >
    <div
      class="googlesitekit-widget googlesitekit-widget--one mdc-layout-grid__cell mdc-layout-grid__cell--span-4-desktop mdc-layout-grid__cell--span-4-tablet"
    >
      <div>
        Foo bar!
      </div>
    </div>
    <div
      class="googlesitekit-widget googlesitekit-widget--two mdc-layout-grid__cell mdc-layout-grid__cell--span-4-desktop mdc-layout-grid__cell--span-4-tablet"
    >
      <div>
        Foo bar!
      </div>
    </div>
    <div
      class="googlesitekit-widget googlesitekit-widget--three mdc-layout-grid__cell mdc-layout-grid__cell--span-4-desktop mdc-layout-grid__cell--span-4-tablet"
    >
      <div>
        Foo bar!
      </div>
    </div>
    <div
      class="googlesitekit-widget googlesitekit-widget--four mdc-layout-grid__cell mdc-layout-grid__cell--span-12"
    >
      <div>
        Foo bar!
      </div>
    </div>
  </div>
</div>
`;

exports[`WidgetAreaRenderer should resize widgets so they fill a row 7`] = `
<div
  class="googlesitekit-widget-area-widgets"
>
  <div
    class="mdc-layout-grid__inner"
  >
    <div
      class="googlesitekit-widget googlesitekit-widget--one mdc-layout-grid__cell mdc-layout-grid__cell--span-4-desktop mdc-layout-grid__cell--span-4-tablet"
    >
      <div>
        Foo bar!
      </div>
    </div>
    <div
      class="googlesitekit-widget googlesitekit-widget--two mdc-layout-grid__cell mdc-layout-grid__cell--span-4-desktop mdc-layout-grid__cell--span-4-tablet"
    >
      <div>
        Foo bar!
      </div>
    </div>
    <div
      class="googlesitekit-widget googlesitekit-widget--three mdc-layout-grid__cell mdc-layout-grid__cell--span-4-desktop mdc-layout-grid__cell--span-4-tablet"
    >
      <div>
        Foo bar!
      </div>
    </div>
    <div
      class="googlesitekit-widget googlesitekit-widget--four mdc-layout-grid__cell mdc-layout-grid__cell--span-12"
    >
      <div>
        Foo bar!
      </div>
    </div>
    <div
      class="googlesitekit-widget googlesitekit-widget--five mdc-layout-grid__cell mdc-layout-grid__cell--span-4-desktop mdc-layout-grid__cell--span-4-tablet"
    >
      <div>
        Foo bar!
      </div>
    </div>
    <div
      class="googlesitekit-widget googlesitekit-widget--six mdc-layout-grid__cell mdc-layout-grid__cell--span-4-desktop mdc-layout-grid__cell--span-4-tablet"
    >
      <div>
        Foo bar!
      </div>
    </div>
    <div
      class="googlesitekit-widget googlesitekit-widget--seven mdc-layout-grid__cell mdc-layout-grid__cell--span-4-desktop mdc-layout-grid__cell--span-4-tablet"
    >
      <div>
        Foo bar!
      </div>
    </div>
  </div>
</div>
`;

exports[`WidgetAreaRenderer should return the same number of elements as widgets from a selector 1`] = `
<div
  class="googlesitekit-widget-area-widgets"
>
  <div
    class="mdc-layout-grid__inner"
  >
    <div
      class="googlesitekit-widget googlesitekit-widget--one mdc-layout-grid__cell mdc-layout-grid__cell--span-12"
    >
      <div>
        Foo bar!
      </div>
    </div>
    <div
      class="googlesitekit-widget googlesitekit-widget--two mdc-layout-grid__cell mdc-layout-grid__cell--span-12"
    >
      <div>
        Foo bar!
      </div>
    </div>
    <div
      class="googlesitekit-widget googlesitekit-widget--three mdc-layout-grid__cell mdc-layout-grid__cell--span-12"
    >
      <div>
        Foo bar!
      </div>
    </div>
  </div>
</div>
`;

exports[`WidgetAreaRenderer should treat widgets that render no content as zero-width (ignoring them) 1`] = `
<div
  class="googlesitekit-widget-area-widgets"
>
  <div
    class="mdc-layout-grid__inner"
  >
    <div
      class="googlesitekit-widget googlesitekit-widget--one mdc-layout-grid__cell mdc-layout-grid__cell--span-3-desktop mdc-layout-grid__cell--span-4-tablet"
    >
      <div>
        Foo bar!
      </div>
    </div>
    <div
      class="googlesitekit-widget googlesitekit-widget--empty googlesitekit-widget-area--hidden"
    />
    <div
      class="googlesitekit-widget googlesitekit-widget--three mdc-layout-grid__cell mdc-layout-grid__cell--span-3-desktop mdc-layout-grid__cell--span-4-tablet"
    >
      <div>
        Foo bar!
      </div>
    </div>
  </div>
</div>
`;
